yarn run v1.22.19
$ next dev --turbopack
 ⚠ Port 3000 is in use, trying 3001 instead.
 ⚠ Port 3001 is in use, trying 3002 instead.
 ⚠ Port 3002 is in use, trying 3003 instead.
   ▲ Next.js 15.1.7 (Turbopack)
   - Local:        http://localhost:3003
   - Network:      http://192.168.1.112:3003
   - Environments: .env.local, .env

 ✓ Starting...
 ✓ Compiled in 452ms
 ✓ Ready in 1526ms
 ○ Compiling /api/user/profile ...
 ✓ Compiled /api/user/profile in 1597ms
[next-auth][warn][DEBUG_ENABLED] 
https://next-auth.js.org/warnings#debug_enabled
 PATCH /api/user/profile 401 in 1854ms
 ✓ Compiled /api/orders in 85ms
 POST /api/orders 400 in 136ms
                                                                                                                                                                                                                                                                                                                                                                                                                                                                                                                                                                                                                                                                                                                                                                                                                                                                                                                                                                                                                                                                                                                                                                                                                                                                                                 ✓ Compiled middleware in 15ms
 ✓ Compiled in 42ms
 ✓ Compiled middleware in 11ms
 ✓ Compiled in 32ms
